[08-06-2026 @00:07:18] Inició sesión Yoyo
[08-06-2026 @00:15:51] Inició sesión Yoyo
[08-06-2026 @01:46:43] Inició sesión Yoyo
[08-06-2026 @06:51:55] Inició sesión Yoyo
[08-06-2026 @09:13:59] Inició sesión Yoyo
[08-06-2026 @11:23:32] Inició sesión Yoyo
[08-06-2026 @14:27:11] Inició sesión Yoyo
[08-06-2026 @15:26:33] Inició sesión Yoyo
[08-06-2026 @17:55:23] Inició sesión Yoyo
[08-06-2026 @23:47:03] Inició sesión Yoyo
[09-06-2026 @01:26:43] Inició sesión Chivicampeon
[09-06-2026 @01:38:24] Cerró sesión Chivicampeon
[09-06-2026 @03:20:17] Inició sesión Chivicampeon
[09-06-2026 @03:25:20] Cerró sesión Chivicampeon
[09-06-2026 @03:48:39] Inició sesión Mariandi 
[09-06-2026 @08:03:08] Inició sesión Yoyo
[09-06-2026 @11:59:00] Inició sesión Raulmarin
[09-06-2026 @14:27:47] Inició sesión Yoyo
[09-06-2026 @15:39:39] Inició sesión Yoyo
[09-06-2026 @16:08:41] Inició sesión Yoyo
[09-06-2026 @16:47:17] Inició sesión Cami
[09-06-2026 @17:28:27] Inició sesión Yoyo
[09-06-2026 @21:07:36] Inició sesión Yoyo
[10-06-2026 @02:21:38] Inició sesión Jolice
[10-06-2026 @07:41:52] Inició sesión Yoyo
[10-06-2026 @10:02:20] Inició sesión Kari
[10-06-2026 @10:32:43] Inició sesión Yoyo
[10-06-2026 @11:58:43] Inició sesión Kari
[10-06-2026 @12:12:01] Inició sesión Chivicampeon
[10-06-2026 @12:22:27] Inició sesión Mariandi 
[10-06-2026 @12:54:32] Inició sesión Yoyo
[10-06-2026 @13:02:47] Inició sesión Lilinma
[10-06-2026 @13:23:05] Inició sesión anitadommar@gmail.com
[10-06-2026 @13:39:19] Inició sesión Cami
